]0;~/Desktop/my project[?1034hPetruss-MBP:my project petrusisaksson$ [KPetruss-MBP:my project petrusisaksson$ git status
On branch master
Your branch is up to date with 'origin/master'.

Untracked files:
  (use "git add <file>..." to include in what will be committed)

	[31m.RData[m
	[31m.Rhistory[m
	[31m.Rproj.user/[m
	[31mmy project.Rproj[m

nothing added to commit but untracked files present (use "git add" to track)
]0;~/Desktop/my projectPetruss-MBP:my project petrusisaksson$ git add .
]0;~/Desktop/my projectPetruss-MBP:my project petrusisaksson$ git status
On branch master
Your branch is up to date with 'origin/master'.

Changes to be committed:
  (use "git reset HEAD <file>..." to unstage)

	[32mnew file:   .RData[m
	[32mnew file:   .Rhistory[m
	[32mnew file:   .Rproj.user/98FCDBFA/console06/7067ADA0[m
	[32mnew file:   .Rproj.user/98FCDBFA/console06/7067ADA0.env[m
	[32mnew file:   .Rproj.user/98FCDBFA/console06/INDEX001[m
	[32mnew file:   .Rproj.user/98FCDBFA/pcs/files-pane.pper[m
	[32mnew file:   .Rproj.user/98FCDBFA/pcs/source-pane.pper[m
	[32mnew file:   .Rproj.user/98FCDBFA/pcs/windowlayoutstate.pper[m
	[32mnew file:   .Rproj.user/98FCDBFA/pcs/workbench-pane.pper[m
	[32mnew file:   .Rproj.user/98FCDBFA/rmd-outputs[m
	[32mnew file:   .Rproj.user/98FCDBFA/saved_source_markers[m
	[32mnew file:   .Rproj.user/98FCDBFA/sources/s-8D66F281/6557814[m
	[32mnew file:   .Rproj.user/98FCDBFA/sources/s-8D66F281/6557814-contents[m
	[32mnew file:   .Rproj.user/98FCDBFA/sources/s-8D66F281/lock_file[m
	[32mnew file:   .Rproj.user/shared/notebooks/patch-chunk-names[m
	[32mnew file:   my project.Rproj[m

Changes not staged for commit:
  (use "git add <file>..." to update what will be committed)
  (use "git checkout -- <file>..." to discard changes in working directory)

	[31mmodified:   .Rproj.user/98FCDBFA/console06/7067ADA0[m

]0;~/Desktop/my projectPetruss-MBP:my project petrusisaksson$ git add .
]0;~/Desktop/my projectPetruss-MBP:my project petrusisaksson$ git status
On branch master
Your branch is up to date with 'origin/master'.

Changes to be committed:
  (use "git reset HEAD <file>..." to unstage)

	[32mnew file:   .RData[m
	[32mnew file:   .Rhistory[m
	[32mnew file:   .Rproj.user/98FCDBFA/console06/7067ADA0[m
	[32mnew file:   .Rproj.user/98FCDBFA/console06/7067ADA0.env[m
	[32mnew file:   .Rproj.user/98FCDBFA/console06/INDEX001[m
	[32mnew file:   .Rproj.user/98FCDBFA/pcs/files-pane.pper[m
	[32mnew file:   .Rproj.user/98FCDBFA/pcs/source-pane.pper[m
	[32mnew file:   .Rproj.user/98FCDBFA/pcs/windowlayoutstate.pper[m
	[32mnew file:   .Rproj.user/98FCDBFA/pcs/workbench-pane.pper[m
	[32mnew file:   .Rproj.user/98FCDBFA/rmd-outputs[m
	[32mnew file:   .Rproj.user/98FCDBFA/saved_source_markers[m
	[32mnew file:   .Rproj.user/98FCDBFA/sources/s-8D66F281/6557814[m
	[32mnew file:   .Rproj.user/98FCDBFA/sources/s-8D66F281/6557814-contents[m
	[32mnew file:   .Rproj.user/98FCDBFA/sources/s-8D66F281/lock_file[m
	[32mnew file:   .Rproj.user/shared/notebooks/patch-chunk-names[m
	[32mnew file:   my project.Rproj[m

Changes not staged for commit:
  (use "git add <file>..." to update what will be committed)
  (use "git checkout -- <file>..." to discard changes in working directory)

	[31mmodified:   .Rproj.user/98FCDBFA/console06/7067ADA0[m

]0;~/Desktop/my projectPetruss-MBP:my project petrusisaksson$ git add .Rproj.user/
98FCDBFA/ shared/   
Petruss-MBP:my project petrusisaksson$ git add .Rproj.user/
98FCDBFA/ shared/   
Petruss-MBP:my project petrusisaksson$ git add .Rproj.user/98FCDBFA/console06/7067ADA0
]0;~/Desktop/my projectPetruss-MBP:my project petrusisaksson$ git satus
git: 'satus' is not a git command. See 'git --help'.

The most similar command is
	status
]0;~/Desktop/my projectPetruss-MBP:my project petrusisaksson$ git ststus
git: 'ststus' is not a git command. See 'git --help'.

The most similar command is
	status
]0;~/Desktop/my projectPetruss-MBP:my project petrusisaksson$ git status
On branch master
Your branch is up to date with 'origin/master'.

Changes to be committed:
  (use "git reset HEAD <file>..." to unstage)

	[32mnew file:   .RData[m
	[32mnew file:   .Rhistory[m
	[32mnew file:   .Rproj.user/98FCDBFA/console06/7067ADA0[m
	[32mnew file:   .Rproj.user/98FCDBFA/console06/7067ADA0.env[m
	[32mnew file:   .Rproj.user/98FCDBFA/console06/INDEX001[m
	[32mnew file:   .Rproj.user/98FCDBFA/pcs/files-pane.pper[m
	[32mnew file:   .Rproj.user/98FCDBFA/pcs/source-pane.pper[m
	[32mnew file:   .Rproj.user/98FCDBFA/pcs/windowlayoutstate.pper[m
	[32mnew file:   .Rproj.user/98FCDBFA/pcs/workbench-pane.pper[m
	[32mnew file:   .Rproj.user/98FCDBFA/rmd-outputs[m
	[32mnew file:   .Rproj.user/98FCDBFA/saved_source_markers[m
	[32mnew file:   .Rproj.user/98FCDBFA/sources/s-8D66F281/6557814[m
	[32mnew file:   .Rproj.user/98FCDBFA/sources/s-8D66F281/6557814-contents[m
	[32mnew file:   .Rproj.user/98FCDBFA/sources/s-8D66F281/lock_file[m
	[32mnew file:   .Rproj.user/shared/notebooks/patch-chunk-names[m
	[32mnew file:   my project.Rproj[m

Changes not staged for commit:
  (use "git add <file>..." to update what will be committed)
  (use "git checkout -- <file>..." to discard changes in working directory)

	[31mmodified:   .Rproj.user/98FCDBFA/console06/7067ADA0[m

]0;~/Desktop/my projectPetruss-MBP:my project petrusisaksson$ git commit -m 'några tillägg från R'
[master e8fc737] några tillägg från R
 16 files changed, 231 insertions(+)
 create mode 100644 .RData
 create mode 100644 .Rhistory
 create mode 100644 .Rproj.user/98FCDBFA/console06/7067ADA0
 create mode 100644 .Rproj.user/98FCDBFA/console06/7067ADA0.env
 create mode 100644 .Rproj.user/98FCDBFA/console06/INDEX001
 create mode 100644 .Rproj.user/98FCDBFA/pcs/files-pane.pper
 create mode 100644 .Rproj.user/98FCDBFA/pcs/source-pane.pper
 create mode 100644 .Rproj.user/98FCDBFA/pcs/windowlayoutstate.pper
 create mode 100644 .Rproj.user/98FCDBFA/pcs/workbench-pane.pper
 create mode 100644 .Rproj.user/98FCDBFA/rmd-outputs
 create mode 100644 .Rproj.user/98FCDBFA/saved_source_markers
 create mode 100644 .Rproj.user/98FCDBFA/sources/s-8D66F281/6557814
 create mode 100644 .Rproj.user/98FCDBFA/sources/s-8D66F281/6557814-contents
 create mode 100644 .Rproj.user/98FCDBFA/sources/s-8D66F281/lock_file
 create mode 100644 .Rproj.user/shared/notebooks/patch-chunk-names
 create mode 100644 my project.Rproj
]0;~/Desktop/my projectPetruss-MBP:my project petrusisaksson$ git status
On branch master
Your branch is ahead of 'origin/master' by 1 commit.
  (use "git push" to publish your local commits)

Changes not staged for commit:
  (use "git add <file>..." to update what will be committed)
  (use "git checkout -- <file>..." to discard changes in working directory)

	[31mmodified:   .Rproj.user/98FCDBFA/console06/7067ADA0[m

no changes added to commit (use "git add" and/or "git commit -a")
]0;~/Desktop/my projectPetruss-MBP:my project petrusisaksson$ git push
Enumerating objects: 25, done.
Counting objects:   4% (1/25)   Counting objects:   8% (2/25)   Counting objects:  12% (3/25)   Counting objects:  16% (4/25)   Counting objects:  20% (5/25)   Counting objects:  24% (6/25)   Counting objects:  28% (7/25)   Counting objects:  32% (8/25)   Counting objects:  36% (9/25)   Counting objects:  40% (10/25)   Counting objects:  44% (11/25)   Counting objects:  48% (12/25)   Counting objects:  52% (13/25)   Counting objects:  56% (14/25)   Counting objects:  60% (15/25)   Counting objects:  64% (16/25)   Counting objects:  68% (17/25)   Counting objects:  72% (18/25)   Counting objects:  76% (19/25)   Counting objects:  80% (20/25)   Counting objects:  84% (21/25)   Counting objects:  88% (22/25)   Counting objects:  92% (23/25)   Counting objects:  96% (24/25)   Counting objects: 100% (25/25)   Counting objects: 100% (25/25), done.
Delta compression using up to 4 threads
Compressing objects:   5% (1/17)   Compressing objects:  11% (2/17)   Compressing objects:  17% (3/17)   Compressing objects:  23% (4/17)   Compressing objects:  29% (5/17)   Compressing objects:  35% (6/17)   Compressing objects:  41% (7/17)   Compressing objects:  47% (8/17)   Compressing objects:  52% (9/17)   Compressing objects:  58% (10/17)   Compressing objects:  64% (11/17)   Compressing objects:  70% (12/17)   Compressing objects:  76% (13/17)   Compressing objects:  82% (14/17)   Compressing objects:  88% (15/17)   Compressing objects:  94% (16/17)   Compressing objects: 100% (17/17)   Compressing objects: 100% (17/17), done.
Writing objects:   4% (1/24)   Writing objects:   8% (2/24)   Writing objects:  12% (3/24)   Writing objects:  16% (4/24)   Writing objects:  20% (5/24)   Writing objects:  25% (6/24)   Writing objects:  29% (7/24)   Writing objects:  33% (8/24)   Writing objects:  37% (9/24)   Writing objects:  41% (10/24)   Writing objects:  45% (11/24)   Writing objects:  50% (12/24)   Writing objects:  54% (13/24)   Writing objects:  58% (14/24)   Writing objects:  62% (15/24)   Writing objects:  66% (16/24)   Writing objects:  70% (17/24)   Writing objects:  75% (18/24)   Writing objects:  79% (19/24)   Writing objects:  83% (20/24)   Writing objects:  87% (21/24)   Writing objects:  91% (22/24)   Writing objects:  95% (23/24)   Writing objects: 100% (24/24)   Writing objects: 100% (24/24), 24.54 KiB | 492.00 KiB/s, done.
Total 24 (delta 0), reused 0 (delta 0)
To https://github.com/petruspsyko/mytestproject.git
   c61c7a2..e8fc737  master -> master
]0;~/Desktop/my projectPetruss-MBP:my project petrusisaksson$ git status
On branch master
Your branch is up to date with 'origin/master'.

Changes not staged for commit:
  (use "git add <file>..." to update what will be committed)
  (use "git checkout -- <file>..." to discard changes in working directory)

	[31mmodified:   .Rproj.user/98FCDBFA/console06/7067ADA0[m

no changes added to commit (use "git add" and/or "git commit -a")
]0;~/Desktop/my projectPetruss-MBP:my project petrusisaksson$ 