]0;~/Desktop/my project[?1034hPetruss-MBP:my project petrusisaksson$ [KPetruss-MBP:my project petrusisaksson$ git status
On branch master
Your branch is up to date with 'origin/master'.

Untracked files:
  (use "git add <file>..." to include in what will be committed)

	[31m.RData[m
	[31m.Rhistory[m
	[31m.Rproj.user/[m
	[31mmy project.Rproj[m

nothing added to commit but untracked files present (use "git add" to track)
]0;~/Desktop/my projectPetruss-MBP:my project petrusisaksson$ git add .
]0;~/Desktop/my projectPetruss-MBP:my project petrusisaksson$ git status
On branch master
Your branch is up to date with 'origin/master'.

Changes to be committed:
  (use "git reset HEAD <file>..." to unstage)

	[32mnew file:   .RData[m
	[32mnew file:   .Rhistory[m
	[32mnew file:   .Rproj.user/98FCDBFA/console06/7067ADA0[m
	[32mnew file:   .Rproj.user/98FCDBFA/console06/7067ADA0.env[m
	[32mnew file:   .Rproj.user/98FCDBFA/console06/INDEX001[m
	[32mnew file:   .Rproj.user/98FCDBFA/pcs/files-pane.pper[m
	[32mnew file:   .Rproj.user/98FCDBFA/pcs/source-pane.pper[m
	[32mnew file:   .Rproj.user/98FCDBFA/pcs/windowlayoutstate.pper[m
	[32mnew file:   .Rproj.user/98FCDBFA/pcs/workbench-pane.pper[m
	[32mnew file:   .Rproj.user/98FCDBFA/rmd-outputs[m
	[32mnew file:   .Rproj.user/98FCDBFA/saved_source_markers[m
	[32mnew file:   .Rproj.user/98FCDBFA/sources/s-8D66F281/6557814[m
	[32mnew file:   .Rproj.user/98FCDBFA/sources/s-8D66F281/6557814-contents[m
	[32mnew file:   .Rproj.user/98FCDBFA/sources/s-8D66F281/lock_file[m
	[32mnew file:   .Rproj.user/shared/notebooks/patch-chunk-names[m
	[32mnew file:   my project.Rproj[m

Changes not staged for commit:
  (use "git add <file>..." to update what will be committed)
  (use "git checkout -- <file>..." to discard changes in working directory)

	[31mmodified:   .Rproj.user/98FCDBFA/console06/7067ADA0[m

]0;~/Desktop/my projectPetruss-MBP:my project petrusisaksson$ git add .
]0;~/Desktop/my projectPetruss-MBP:my project petrusisaksson$ git status
On branch master
Your branch is up to date with 'origin/master'.

Changes to be committed:
  (use "git reset HEAD <file>..." to unstage)

	[32mnew file:   .RData[m
	[32mnew file:   .Rhistory[m
	[32mnew file:   .Rproj.user/98FCDBFA/console06/7067ADA0[m
	[32mnew file:   .Rproj.user/98FCDBFA/console06/7067ADA0.env[m
	[32mnew file:   .Rproj.user/98FCDBFA/console06/INDEX001[m
	[32mnew file:   .Rproj.user/98FCDBFA/pcs/files-pane.pper[m
	[32mnew file:   .Rproj.user/98FCDBFA/pcs/source-pane.pper[m
	[32mnew file:   .Rproj.user/98FCDBFA/pcs/windowlayoutstate.pper[m
	[32mnew file:   .Rproj.user/98FCDBFA/pcs/workbench-pane.pper[m
	[32mnew file:   .Rproj.user/98FCDBFA/rmd-outputs[m
	[32mnew file:   .Rproj.user/98FCDBFA/saved_source_markers[m
	[32mnew file:   .Rproj.user/98FCDBFA/sources/s-8D66F281/6557814[m
	[32mnew file:   .Rproj.user/98FCDBFA/sources/s-8D66F281/6557814-contents[m
	[32mnew file:   .Rproj.user/98FCDBFA/sources/s-8D66F281/lock_file[m
	[32mnew file:   .Rproj.user/shared/notebooks/patch-chunk-names[m
	[32mnew file:   my project.Rproj[m

Changes not staged for commit:
  (use "git add <file>..." to update what will be committed)
  (use "git checkout -- <file>..." to discard changes in working directory)

	[31mmodified:   .Rproj.user/98FCDBFA/console06/7067ADA0[m

]0;~/Desktop/my projectPetruss-MBP:my project petrusisaksson$ git add .Rproj.user/
98FCDBFA/ shared/   
Petruss-MBP:my project petrusisaksson$ git add .Rproj.user/
98FCDBFA/ shared/   
Petruss-MBP:my project petrusisaksson$ git add .Rproj.user/98FCDBFA/console06/7067ADA0